<?xml version="1.0" encoding="UTF-8" standalone="no"?>
<map height="20" nextobjectid="1" orientation="orthogonal" renderorder="right-down" tileheight="32" tilewidth="32" version="1.0" width="20">
<tileset firstgid="1" name="sol" tilecount="6" tileheight="32" tilewidth="32">
<image height="256" source="sol.png" width="32"/>
</tileset>
<tileset firstgid="7" name="pierre" tilecount="2" tileheight="32" tilewidth="32">
<image height="64" source="pierre.png" width="32"/>
</tileset>
<tileset firstgid="9" name="tronc" tilecount="2" tileheight="96" tilewidth="96">
<image height="96" source="tronc.png" width="192"/>
</tileset>
<tileset firstgid="11" name="test" tilecount="4" tileheight="96" tilewidth="96">
<image height="192" source="test.png" width="192"/>
</tileset>
<layer height="20" name="sol" width="20">
<data compression="gzip" encoding="base64">H4sIAAAAAAAAAGNhYGBgGcWjeBSP4lE8iknEAEAZGCFABgAA</data>
</layer>
<layer height="20" name="pierre" width="20">
<data compression="gzip" encoding="base64">H4sIAAAAAAAAAGNgGAUDCTgG2FwOHGxKzSVWHyHzaBU+IxUM9vAc7O6jBcDnZ2qEBy3DFABfyp+MQAYAAA==</data>
</layer>
<layer height="20" name="tronc" width="20">
<data compression="gzip" encoding="base64">H4sIAAAAAAAAAGNgoC3gpLH5o2AUUAMMhnQ62NwwGNyDDXAykO42WvkL3azBGma0AgB2oxlMQAYAAA==</data>
</layer>
<layer height="20" name="test" width="20">
<data compression="gzip" encoding="base64">H4sIAAAAAAAAAGNgQAW8DKNgFAx+MBjS6WBzw2BwDzbAy0C622jlL3SzBmuYDRUAAI2Mv1ZABgAA</data>
</layer>
</map>
