<?xml version="1.0" encoding="UTF-8"?>
<map version="1.0" orientation="orthogonal" renderorder="right-down" width="20" height="20" tilewidth="32" tileheight="32" nextobjectid="16">
 <tileset firstgid="1" name="herbe" tilewidth="32" tileheight="32" tilecount="18">
  <image source="LPC Base Assets/tiles/dirt2.png" width="96" height="192"/>
 </tileset>
 <tileset firstgid="19" name="mur" tilewidth="32" tileheight="32" tilecount="63">
  <image source="LPC Base Assets/tiles/house.png" width="288" height="224"/>
 </tileset>
 <tileset firstgid="82" name="autre" tilewidth="32" tileheight="32" tilecount="100">
  <image source="LPC Base Assets/tiles/castlefloors.png" width="320" height="320"/>
 </tileset>
 <tileset firstgid="182" name="craft" tilewidth="32" tileheight="32" tilecount="4">
  <image source="pinta/craft.png" width="64" height="64"/>
 </tileset>
 <layer name="col" width="20" height="20">
  <data encoding="base64" compression="gzip">
   H4sIAAAAAAAAA2NgGBpgFpkYn3nbgHg7iW7AJ0eKWcSYRyoYNW9km0fN/DEKRgExAACnMQr/QAYAAA==
  </data>
 </layer>
 <layer name="fond" width="20" height="20">
  <data encoding="base64" compression="gzip">
   H4sIAAAAAAAAA2NgGLkgjUQ8at6oeYPZPFzmo7NHwSigFgAAK7n3AUAGAAA=
  </data>
 </layer>
 <layer name="Calque de Tile 1" width="20" height="20">
  <data encoding="base64" compression="gzip">
   H4sIAAAAAAAAA+NmYGDgHgLYCoitScQ2eMzzAeJtQLydgXjgR8C8HSSYRYx5pIJR80auec5A7EIidsVj3igexcRgAM2ix2RABgAA
  </data>
 </layer>
 <objectgroup name="triger" width="114" height="113">
  <object id="1" name="craft" type="craft" x="69" y="66" width="90" height="94"/>
  <object id="12" name="coffre" type="coffre" x="384" y="78" width="115" height="114"/>
  <object id="14" name="portail" type="portail" x="85" y="286" width="109" height="111"/>
 </objectgroup>
</map>
